[     450ms] [LOG] /api/v4 @ https://stage.manufacton.com/js/app.17a3cf57.js:0
[     455ms] [LOG] /api/v4 @ https://stage.manufacton.com/js/app.17a3cf57.js:0
[    1415ms] [LOG] /api/v4 @ https://stage.manufacton.com/js/app.17a3cf57.js:0
[    3916ms] [LOG] /api/v4 @ https://stage.manufacton.com/js/app.17a3cf57.js:0
[    3944ms] [LOG] /api/v4 @ https://stage.manufacton.com/js/app.17a3cf57.js:0
[    5055ms] [LOG] /api/v4 @ https://stage.manufacton.com/js/app.17a3cf57.js:0
[    6434ms] [LOG] /api/v4 @ https://stage.manufacton.com/js/app.17a3cf57.js:0
[   92582ms] [LOG] /api/v4 @ https://stage.manufacton.com/js/app.17a3cf57.js:0
[   93883ms] [LOG] /api/v4 @ https://stage.manufacton.com/js/app.17a3cf57.js:0
[   95021ms] [LOG] /api/v4 @ https://stage.manufacton.com/js/app.17a3cf57.js:0
[  152039ms] [LOG] /api/v4 @ https://stage.manufacton.com/js/app.17a3cf57.js:0
[  152040ms] [LOG] /api/v4 @ https://stage.manufacton.com/js/app.17a3cf57.js:0
[  152076ms] [LOG] /api/v4 @ https://stage.manufacton.com/js/app.17a3cf57.js:0
[  152770ms] [LOG] /api/v4 @ https://stage.manufacton.com/js/app.17a3cf57.js:0
[  153210ms] [LOG] /api/v4 @ https://stage.manufacton.com/js/app.17a3cf57.js:0
[  153427ms] [LOG] /api/v4 @ https://stage.manufacton.com/js/app.17a3cf57.js:0
[  154138ms] [LOG] /api/v4 @ https://stage.manufacton.com/js/app.17a3cf57.js:0
[  154863ms] [LOG] /api/v4 @ https://stage.manufacton.com/js/app.17a3cf57.js:0
[  313770ms] [LOG] /api/v4 @ https://stage.manufacton.com/js/app.17a3cf57.js:0
[  316034ms] [LOG] /api/v4 @ https://stage.manufacton.com/js/app.17a3cf57.js:0
[  316408ms] [LOG] /api/v4 @ https://stage.manufacton.com/js/app.17a3cf57.js:0
[  317162ms] [LOG] /api/v4 @ https://stage.manufacton.com/js/app.17a3cf57.js:0
[  317949ms] [LOG] /api/v4 @ https://stage.manufacton.com/js/app.17a3cf57.js:0
[  317949ms] [LOG] /api/v4 @ https://stage.manufacton.com/js/app.17a3cf57.js:0
[  317950ms] [LOG] /api/v4 @ https://stage.manufacton.com/js/app.17a3cf57.js:0
[  317950ms] [LOG] /api/v4 @ https://stage.manufacton.com/js/app.17a3cf57.js:0
[  317950ms] [LOG] /api/v4 @ https://stage.manufacton.com/js/app.17a3cf57.js:0
[  317950ms] [LOG] /api/v4 @ https://stage.manufacton.com/js/app.17a3cf57.js:0
[  317950ms] [LOG] /api/v4 @ https://stage.manufacton.com/js/app.17a3cf57.js:0
[  317950ms] [LOG] /api/v4 @ https://stage.manufacton.com/js/app.17a3cf57.js:0
[  317950ms] [LOG] /api/v4 @ https://stage.manufacton.com/js/app.17a3cf57.js:0
[  318051ms] [LOG] /api/v4 @ https://stage.manufacton.com/js/app.17a3cf57.js:0
[  318715ms] [WARNING] The specified value "hh" cannot be parsed, or is out of range. @ https://stage.manufacton.com/js/chunk-vendors.4fe7f89d.js:38
[  318715ms] [WARNING] The specified value "mm" cannot be parsed, or is out of range. @ https://stage.manufacton.com/js/chunk-vendors.4fe7f89d.js:38
[  318715ms] [WARNING] The specified value "ss" cannot be parsed, or is out of range. @ https://stage.manufacton.com/js/chunk-vendors.4fe7f89d.js:38
[  318716ms] [WARNING] The specified value "hh" cannot be parsed, or is out of range. @ https://stage.manufacton.com/js/chunk-vendors.4fe7f89d.js:38
[  318716ms] [WARNING] The specified value "mm" cannot be parsed, or is out of range. @ https://stage.manufacton.com/js/chunk-vendors.4fe7f89d.js:38
[  318716ms] [WARNING] The specified value "ss" cannot be parsed, or is out of range. @ https://stage.manufacton.com/js/chunk-vendors.4fe7f89d.js:38
